[    0.000000] Initializing cgroup subsys cpuset
[    0.000000] Initializing cgroup subsys cpu
[    0.000000] Initializing cgroup subsys cpuacct
[    0.000000] Linux version 4.4.0-87-generic (buildd@lcy01-31) (gcc version 5.4.0 20160609 (Ubuntu 5.4.0-6ubuntu1~16.04.4) ) #110-Ubuntu SMP Tue Jul 18 12:55:35 UTC 2017 (Ubuntu 4.4.0-87.110-generic 4.4.73)
[    0.000000] Command line: BOOT_IMAGE=/boot/vmlinuz-4.4.0-87-generic root=UUID=5722d71b-b285-4215-8ed6-c4fafcf41286 ro
[    0.000000] KERNEL supported cpus:
[    0.000000]   Intel GenuineIntel
[    0.000000]   AMD AuthenticAMD
[    0.000000]   Centaur CentaurHauls
[    0.000000] x86/fpu: xstate_offset[2]:  576, xstate_sizes[2]:  256
[    0.000000] x86/fpu: Supporting XSAVE feature 0x01: 'x87 floating point registers'
[    0.000000] x86/fpu: Supporting XSAVE feature 0x02: 'SSE registers'
[    0.000000] x86/fpu: Supporting XSAVE feature 0x04: 'AVX registers'
[    0.000000] x86/fpu: Enabled xstate features 0x7, context size is 832 bytes, using 'standard' format.
[    0.000000] x86/fpu: Using 'lazy' FPU context switches.
[    0.000000] e820: BIOS-provided physical RAM map:
[    0.000000] BIOS-e820: [mem 0x0000000000000000-0x000000000009fbff] usable
[    0.000000] BIOS-e820: [mem 0x000000000009fc00-0x000000000009ffff] reserved
[    0.000000] BIOS-e820: [mem 0x00000000000f0000-0x00000000000fffff] reserved
[    0.000000] BIOS-e820: [mem 0x0000000000100000-0x000000002ffeffff] usable
[    0.000000] BIOS-e820: [mem 0x000000002fff0000-0x000000002fffffff] ACPI data
[    0.000000] BIOS-e820: [mem 0x00000000fec00000-0x00000000fec00fff] reserved
[    0.000000] BIOS-e820: [mem 0x00000000fee00000-0x00000000fee00fff] reserved
[    0.000000] BIOS-e820: [mem 0x00000000fffc0000-0x00000000ffffffff] reserved
[    0.000000] NX (Execute Disable) protection: active
[    0.000000] SMBIOS 2.5 present.
[    0.000000] DMI: innotek GmbH VirtualBox/VirtualBox, BIOS VirtualBox 12/01/2006
[    0.000000] Hypervisor detected: KVM
[    0.000000] e820: update [mem 0x00000000-0x00000fff] usable ==> reserved
[    0.000000] e820: remove [mem 0x000a0000-0x000fffff] usable
[    0.000000] e820: last_pfn = 0x2fff0 max_arch_pfn = 0x400000000
[    0.000000] MTRR default type: uncachable
[    0.000000] MTRR variable ranges disabled:
[    0.000000] MTRR: Disabled
[    0.000000] x86/PAT: MTRRs disabled, skipping PAT initialization too.
[    0.000000] x86/PAT: Configuration [0-7]: WB  WT  UC- UC  WB  WT  UC- UC  
[    0.000000] CPU MTRRs all blank - virtualized system.
[    0.000000] found SMP MP-table at [mem 0x0009fff0-0x0009ffff] mapped at [ffff88000009fff0]
[    0.000000] Scanning 1 areas for low memory corruption
[    0.000000] Base memory trampoline at [ffff880000099000] 99000 size 24576
[    0.000000] BRK [0x0220c000, 0x0220cfff] PGTABLE
[    0.000000] BRK [0x0220d000, 0x0220dfff] PGTABLE
[    0.000000] BRK [0x0220e000, 0x0220efff] PGTABLE
[    0.000000] BRK [0x0220f000, 0x0220ffff] PGTABLE
[    0.000000] RAMDISK: [mem 0x2d0be000-0x2f4e4fff]
[    0.000000] ACPI: Early table checksum verification disabled
[    0.000000] ACPI: RSDP 0x00000000000E0000 000024 (v02 VBOX  )
[    0.000000] ACPI: XSDT 0x000000002FFF0030 00003C (v01 VBOX   VBOXXSDT 00000001 ASL  00000061)
[    0.000000] ACPI: FACP 0x000000002FFF00F0 0000F4 (v04 VBOX   VBOXFACP 00000001 ASL  00000061)
[    0.000000] ACPI: DSDT 0x000000002FFF0470 002325 (v02 VBOX   VBOXBIOS 00000002 INTL 20100528)
[    0.000000] ACPI: FACS 0x000000002FFF0200 000040
[    0.000000] ACPI: FACS 0x000000002FFF0200 000040
[    0.000000] ACPI: APIC 0x000000002FFF0240 000054 (v02 VBOX   VBOXAPIC 00000001 ASL  00000061)
[    0.000000] ACPI: SSDT 0x000000002FFF02A0 0001CC (v01 VBOX   VBOXCPUT 00000002 INTL 20100528)
[    0.000000] ACPI: Local APIC address 0xfee00000
[    0.000000] No NUMA configuration found
[    0.000000] Faking a node at [mem 0x0000000000000000-0x000000002ffeffff]
[    0.000000] NODE_DATA(0) allocated [mem 0x2ffeb000-0x2ffeffff]
[    0.000000] kvm-clock: Using msrs 4b564d01 and 4b564d00
[    0.000000] kvm-clock: cpu 0, msr 0:2ffe3001, primary cpu clock
[    0.000000] kvm-clock: using sched offset of 7552937479 cycles
[    0.000000] clocksource: kvm-clock: mask: 0xffffffffffffffff max_cycles: 0x1cd42e4dffb, max_idle_ns: 881590591483 ns
[    0.000000] Zone ranges:
[    0.000000]   DMA      [mem 0x0000000000001000-0x0000000000ffffff]
[    0.000000]   DMA32    [mem 0x0000000001000000-0x000000002ffeffff]
[    0.000000]   Normal   empty
[    0.000000]   Device   empty
[    0.000000] Movable zone start for each node
[    0.000000] Early memory node ranges
[    0.000000]   node   0: [mem 0x0000000000001000-0x000000000009efff]
[    0.000000]   node   0: [mem 0x0000000000100000-0x000000002ffeffff]
[    0.000000] Initmem setup node 0 [mem 0x0000000000001000-0x000000002ffeffff]
[    0.000000] On node 0 totalpages: 196494
[    0.000000]   DMA zone: 64 pages used for memmap
[    0.000000]   DMA zone: 21 pages reserved
[    0.000000]   DMA zone: 3998 pages, LIFO batch:0
[    0.000000]   DMA32 zone: 3008 pages used for memmap
[    0.000000]   DMA32 zone: 192496 pages, LIFO batch:31
[    0.000000] ACPI: PM-Timer IO Port: 0x4008
[    0.000000] ACPI: Local APIC address 0xfee00000
[    0.000000] IOAPIC[0]: apic_id 1, version 32, address 0xfec00000, GSI 0-23
[    0.000000] ACPI: INT_SRC_OVR (bus 0 bus_irq 0 global_irq 2 dfl dfl)
[    0.000000] ACPI: INT_SRC_OVR (bus 0 bus_irq 9 global_irq 9 low level)
[    0.000000] ACPI: IRQ0 used by override.
[    0.000000] ACPI: IRQ9 used by override.
[    0.000000] Using ACPI (MADT) for SMP configuration information
[    0.000000] smpboot: Allowing 1 CPUs, 0 hotplug CPUs
[    0.000000] PM: Registered nosave memory: [mem 0x00000000-0x00000fff]
[    0.000000] PM: Registered nosave memory: [mem 0x0009f000-0x0009ffff]
[    0.000000] PM: Registered nosave memory: [mem 0x000a0000-0x000effff]
[    0.000000] PM: Registered nosave memory: [mem 0x000f0000-0x000fffff]
[    0.000000] e820: [mem 0x30000000-0xfebfffff] available for PCI devices
[    0.000000] Booting paravirtualized kernel on KVM
[    0.000000] clocksource: refined-jiffies: mask: 0xffffffff max_cycles: 0xffffffff, max_idle_ns: 7645519600211568 ns
[    0.000000] setup_percpu: NR_CPUS:512 nr_cpumask_bits:512 nr_cpu_ids:1 nr_node_ids:1
[    0.000000] PERCPU: Embedded 33 pages/cpu @ffff88002fc00000 s98264 r8192 d28712 u2097152
[    0.000000] pcpu-alloc: s98264 r8192 d28712 u2097152 alloc=1*2097152
[    0.000000] pcpu-alloc: [0] 0 
[    0.000000] PV qspinlock hash table entries: 256 (order: 0, 4096 bytes)
[    0.000000] Built 1 zonelists in Node order, mobility grouping on.  Total pages: 193401
[    0.000000] Policy zone: DMA32
[    0.000000] Kernel command line: BOOT_IMAGE=/boot/vmlinuz-4.4.0-87-generic root=UUID=5722d71b-b285-4215-8ed6-c4fafcf41286 ro
[    0.000000] PID hash table entries: 4096 (order: 3, 32768 bytes)
[    0.000000] Calgary: detecting Calgary via BIOS EBDA area
[    0.000000] Calgary: Unable to locate Rio Grande table in EBDA - bailing!
[    0.000000] Memory: 717640K/785976K available (8474K kernel code, 1293K rwdata, 3984K rodata, 1488K init, 1316K bss, 68336K reserved, 0K cma-reserved)
[    0.000000] SLUB: HWalign=64, Order=0-3, MinObjects=0, CPUs=1, Nodes=1
[    0.000000] Hierarchical RCU implementation.
[    0.000000] 	Build-time adjustment of leaf fanout to 64.
[    0.000000] 	RCU restricting CPUs from NR_CPUS=512 to nr_cpu_ids=1.
[    0.000000] RCU: Adjusting geometry for rcu_fanout_leaf=64, nr_cpu_ids=1
[    0.000000] NR_IRQS:33024 nr_irqs:256 16
[    0.000000] Console: colour VGA+ 80x25
[    0.000000] console [tty0] enabled
[    0.000000] tsc: Detected 1992.004 MHz processor
[    0.087779] Calibrating delay loop (skipped) preset value.. 3984.00 BogoMIPS (lpj=7968016)
[    0.088442] pid_max: default: 32768 minimum: 301
[    0.088977] ACPI: Core revision 20150930
[    0.091113] ACPI: 2 ACPI AML tables successfully acquired and loaded
[    0.091879] Security Framework initialized
[    0.092279] Yama: becoming mindful.
[    0.092949] AppArmor: AppArmor initialized
[    0.093568] Dentry cache hash table entries: 131072 (order: 8, 1048576 bytes)
[    0.094793] Inode-cache hash table entries: 65536 (order: 7, 524288 bytes)
[    0.095683] Mount-cache hash table entries: 2048 (order: 2, 16384 bytes)
[    0.096241] Mountpoint-cache hash table entries: 2048 (order: 2, 16384 bytes)
[    0.096946] Initializing cgroup subsys io
[    0.097303] Initializing cgroup subsys memory
[    0.097699] Initializing cgroup subsys devices
[    0.098067] Initializing cgroup subsys freezer
[    0.098496] Initializing cgroup subsys net_cls
[    0.098907] Initializing cgroup subsys perf_event
[    0.099405] Initializing cgroup subsys net_prio
[    0.099834] Initializing cgroup subsys hugetlb
[    0.100220] Initializing cgroup subsys pids
[    0.100857] CPU: Physical Processor ID: 0
[    0.102835] mce: CPU supports 0 MCE banks
[    0.103501] process: using mwait in idle threads
[    0.104687] Last level iTLB entries: 4KB 64, 2MB 8, 4MB 8
[    0.105618] Last level dTLB entries: 4KB 64, 2MB 0, 4MB 0, 1GB 4
[    0.132955] Freeing SMP alternatives memory: 32K (ffffffff820b9000 - ffffffff820c1000)
[    0.147412] ftrace: allocating 32128 entries in 126 pages
[    0.221328] smpboot: APIC(0) Converting physical 0 to logical package 0
[    0.222024] smpboot: Max logical packages: 1
[    0.224125] ..TIMER: vector=0x30 apic1=0 pin1=2 apic2=-1 pin2=-1
[    0.323719] smpboot: CPU0: Intel(R) Core(TM) i7-8550U CPU @ 1.80GHz (family: 0x6, model: 0x8e, stepping: 0xa)
[    0.324625] Performance Events: unsupported p6 CPU model 142 no PMU driver, software events only.
[    0.325428] KVM setup paravirtual spinlock
[    0.326695] x86: Booted up 1 node, 1 CPUs
[    0.327272] smpboot: Total of 1 processors activated (3984.00 BogoMIPS)
[    0.328273] devtmpfs: initialized
[    0.330290] evm: security.selinux
[    0.330711] evm: security.SMACK64
[    0.331243] evm: security.SMACK64EXEC
[    0.331757] evm: security.SMACK64TRANSMUTE
[    0.332209] evm: security.SMACK64MMAP
[    0.332631] evm: security.ima
[    0.333023] evm: security.capability
[    0.333421] clocksource: jiffies: mask: 0xffffffff max_cycles: 0xffffffff, max_idle_ns: 7645041785100000 ns
[    0.334229] futex hash table entries: 256 (order: 2, 16384 bytes)
[    0.335101] pinctrl core: initialized pinctrl subsystem
[    0.335678] RTC time: 12:55:31, date: 03/27/22
[    0.336239] NET: Registered protocol family 16
[    0.336959] cpuidle: using governor ladder
[    0.337958] cpuidle: using governor menu
[    0.338506] PCCT header not found.
[    0.339011] ACPI: bus type PCI registered
[    0.339440] acpiphp: ACPI Hot Plug PCI Controller Driver version: 0.5
[    0.340139] PCI: Using configuration type 1 for base access
[    0.342285] ACPI: Added _OSI(Module Device)
[    0.342930] ACPI: Added _OSI(Processor Device)
[    0.343603] ACPI: Added _OSI(3.0 _SCP Extensions)
[    0.344148] ACPI: Added _OSI(Processor Aggregator Device)
[    0.345325] ACPI: Executed 1 blocks of module-level executable AML code
[    0.348384] ACPI: Interpreter enabled
[    0.348835] ACPI: (supports S0 S5)
[    0.349239] ACPI: Using IOAPIC for interrupt routing
[    0.349902] PCI: Using host bridge windows from ACPI; if necessary, use "pci=nocrs" and report a bug
[    0.355141] ACPI: PCI Root Bridge [PCI0] (domain 0000 [bus 00-ff])
[    0.355622] acpi PNP0A03:00: _OSC: OS supports [ASPM ClockPM Segments MSI]
[    0.356590] acpi PNP0A03:00: _OSC: not requesting OS control; OS requires [ExtendedConfig ASPM ClockPM MSI]
[    0.357516] acpi PNP0A03:00: fail to add MMCONFIG information, can't access extended PCI configuration space under this bridge.
[    0.359190] PCI host bridge to bus 0000:00
[    0.359863] pci_bus 0000:00: root bus resource [io  0x0000-0x0cf7 window]
[    0.360785] pci_bus 0000:00: root bus resource [io  0x0d00-0xffff window]
[    0.361488] pci_bus 0000:00: root bus resource [mem 0x000a0000-0x000bffff window]
[    0.362326] pci_bus 0000:00: root bus resource [mem 0x30000000-0xfdffffff window]
[    0.363149] pci_bus 0000:00: root bus resource [bus 00-ff]
[    0.363686] pci 0000:00:00.0: [8086:1237] type 00 class 0x060000
[    0.364469] pci 0000:00:01.0: [8086:7000] type 00 class 0x060100
[    0.365200] pci 0000:00:01.1: [8086:7111] type 00 class 0x01018a
[    0.365522] pci 0000:00:01.1: reg 0x20: [io  0xd000-0xd00f]
[    0.365663] pci 0000:00:01.1: legacy IDE quirk: reg 0x10: [io  0x01f0-0x01f7]
[    0.366124] pci 0000:00:01.1: legacy IDE quirk: reg 0x14: [io  0x03f6]
[    0.366671] pci 0000:00:01.1: legacy IDE quirk: reg 0x18: [io  0x0170-0x0177]
[    0.367251] pci 0000:00:01.1: legacy IDE quirk: reg 0x1c: [io  0x0376]
[    0.367865] pci 0000:00:02.0: [80ee:beef] type 00 class 0x030000
[    0.368678] pci 0000:00:02.0: reg 0x10: [mem 0xe0000000-0xe0ffffff pref]
[    0.374014] pci 0000:00:03.0: [8086:100e] type 00 class 0x020000
[    0.374616] pci 0000:00:03.0: reg 0x10: [mem 0xf0000000-0xf001ffff]
[    0.375390] pci 0000:00:03.0: reg 0x18: [io  0xd010-0xd017]
[    0.378481] pci 0000:00:04.0: [80ee:cafe] type 00 class 0x088000
[    0.379181] pci 0000:00:04.0: reg 0x10: [io  0xd020-0xd03f]
[    0.379652] pci 0000:00:04.0: reg 0x14: [mem 0xf0400000-0xf07fffff]
[    0.380088] pci 0000:00:04.0: reg 0x18: [mem 0xf0800000-0xf0803fff pref]
[    0.381887] pci 0000:00:05.0: [8086:2415] type 00 class 0x040100
[    0.382020] pci 0000:00:05.0: reg 0x10: [io  0xd100-0xd1ff]
[    0.382096] pci 0000:00:05.0: reg 0x14: [io  0xd200-0xd23f]
[    0.382894] pci 0000:00:06.0: [106b:003f] type 00 class 0x0c0310
[    0.383200] pci 0000:00:06.0: reg 0x10: [mem 0xf0804000-0xf0804fff]
[    0.385209] pci 0000:00:07.0: [8086:7113] type 00 class 0x068000
[    0.385740] pci 0000:00:07.0: quirk: [io  0x4000-0x403f] claimed by PIIX4 ACPI
[    0.386456] pci 0000:00:07.0: quirk: [io  0x4100-0x410f] claimed by PIIX4 SMB
[    0.387389] pci 0000:00:0d.0: [8086:2829] type 00 class 0x010601
[    0.387856] pci 0000:00:0d.0: reg 0x10: [io  0xd240-0xd247]
[    0.388097] pci 0000:00:0d.0: reg 0x14: [io  0xd248-0xd24b]
[    0.388503] pci 0000:00:0d.0: reg 0x18: [io  0xd250-0xd257]
[    0.388842] pci 0000:00:0d.0: reg 0x1c: [io  0xd258-0xd25b]
[    0.389184] pci 0000:00:0d.0: reg 0x20: [io  0xd260-0xd26f]
[    0.389476] pci 0000:00:0d.0: reg 0x24: [mem 0xf0806000-0xf0807fff]
[    0.391735] ACPI: PCI Interrupt Link [LNKA] (IRQs 5 9 10 *11)
[    0.393145] ACPI: PCI Interrupt Link [LNKB] (IRQs 5 9 *10 11)
[    0.394506] ACPI: PCI Interrupt Link [LNKC] (IRQs 5 *9 10 11)
[    0.395300] ACPI: PCI Interrupt Link [LNKD] (IRQs 5 9 10 *11)
[    0.396098] ACPI: Enabled 2 GPEs in block 00 to 07
[    0.410635] vgaarb: setting as boot device: PCI:0000:00:02.0
[    0.411404] vgaarb: device added: PCI:0000:00:02.0,decodes=io+mem,owns=io+mem,locks=none
[    0.412304] vgaarb: loaded
[    0.412758] vgaarb: bridge control possible 0000:00:02.0
[    0.413653] SCSI subsystem initialized
[    0.414010] libata version 3.00 loaded.
[    0.414035] ACPI: bus type USB registered
[    0.414440] usbcore: registered new interface driver usbfs
[    0.414809] usbcore: registered new interface driver hub
[    0.415174] usbcore: registered new device driver usb
[    0.415685] PCI: Using ACPI for IRQ routing
[    0.416016] PCI: pci_cache_line_size set to 64 bytes
[    0.416202] e820: reserve RAM buffer [mem 0x0009fc00-0x0009ffff]
[    0.416206] e820: reserve RAM buffer [mem 0x2fff0000-0x2fffffff]
[    0.416417] NetLabel: Initializing
[    0.416884] NetLabel:  domain hash size = 128
[    0.417363] NetLabel:  protocols = UNLABELED CIPSOv4
[    0.417871] NetLabel:  unlabeled traffic allowed by default
[    0.418396] amd_nb: Cannot enumerate AMD northbridges
[    0.418865] clocksource: Switched to clocksource kvm-clock
[    0.430474] AppArmor: AppArmor Filesystem Enabled
[    0.431085] pnp: PnP ACPI init
[    0.431672] pnp 00:00: Plug and Play ACPI device, IDs PNP0303 (active)
[    0.431757] pnp 00:01: Plug and Play ACPI device, IDs PNP0f03 (active)
[    0.432581] pnp: PnP ACPI: found 2 devices
[    0.438837] clocksource: acpi_pm: mask: 0xffffff max_cycles: 0xffffff, max_idle_ns: 2085701024 ns
[    0.439666] pci_bus 0000:00: resource 4 [io  0x0000-0x0cf7 window]
[    0.439668] pci_bus 0000:00: resource 5 [io  0x0d00-0xffff window]
[    0.439670] pci_bus 0000:00: resource 6 [mem 0x000a0000-0x000bffff window]
[    0.439672] pci_bus 0000:00: resource 7 [mem 0x30000000-0xfdffffff window]
[    0.439702] NET: Registered protocol family 2
[    0.441291] TCP established hash table entries: 8192 (order: 4, 65536 bytes)
[    0.442125] TCP bind hash table entries: 8192 (order: 5, 131072 bytes)
[    0.443078] TCP: Hash tables configured (established 8192 bind 8192)
[    0.443873] UDP hash table entries: 512 (order: 2, 16384 bytes)
[    0.444613] UDP-Lite hash table entries: 512 (order: 2, 16384 bytes)
[    0.445195] NET: Registered protocol family 1
[    0.445639] pci 0000:00:00.0: Limiting direct PCI/PCI transfers
[    0.446040] pci 0000:00:01.0: Activating ISA DMA hang workarounds
[    0.446569] pci 0000:00:02.0: Video device with shadowed ROM
[    0.447820] PCI: CLS 0 bytes, default 64
[    0.447866] Unpacking initramfs...
[    1.071813] Freeing initrd memory: 37020K (ffff88002d0be000 - ffff88002f4e5000)
[    1.072717] platform rtc_cmos: registered platform RTC device (no PNP device found)
[    1.073371] Scanning for low memory corruption every 60 seconds
[    1.074082] audit: initializing netlink subsys (disabled)
[    1.074597] audit: type=2000 audit(1648385741.900:1): initialized
[    1.075394] Initialise system trusted keyring
[    1.075983] HugeTLB registered 2 MB page size, pre-allocated 0 pages
[    1.078194] zbud: loaded
[    1.079035] VFS: Disk quotas dquot_6.6.0
[    1.079597] VFS: Dquot-cache hash table entries: 512 (order 0, 4096 bytes)
[    1.080438] squashfs: version 4.0 (2009/01/31) Phillip Lougher
[    1.081308] fuse init (API version 7.23)
[    1.081827] Key type big_key registered
[    1.082217] Allocating IMA MOK and blacklist keyrings.
[    1.082782] Key type asymmetric registered
[    1.083138] Asymmetric key parser 'x509' registered
[    1.083709] Block layer SCSI generic (bsg) driver version 0.4 loaded (major 249)
[    1.084537] io scheduler noop registered
[    1.084862] io scheduler deadline registered (default)
[    1.085356] io scheduler cfq registered
[    1.085855] pci_hotplug: PCI Hot Plug PCI Core version: 0.5
[    1.086329] pciehp: PCI Express Hot Plug Controller Driver version: 0.4
[    1.086850] ACPI: AC Adapter [AC] (on-line)
[    1.087396] input: Power Button as /devices/LNXSYSTM:00/LNXPWRBN:00/input/input0
[    1.088111] ACPI: Power Button [PWRF]
[    1.088615] input: Sleep Button as /devices/LNXSYSTM:00/LNXSLPBN:00/input/input1
[    1.089501] ACPI: Sleep Button [SLPF]
[    1.091256] ACPI: Battery Slot [BAT0] (battery present)
[    1.091789] GHES: HEST is not enabled!
[    1.092450] Serial: 8250/16550 driver, 32 ports, IRQ sharing enabled
[    1.094124] Linux agpgart interface v0.103
[    1.099296] loop: module loaded
[    1.099916] ata_piix 0000:00:01.1: version 2.13
[    1.100430] scsi host0: ata_piix
[    1.100984] scsi host1: ata_piix
[    1.101427] ata1: PATA max UDMA/33 cmd 0x1f0 ctl 0x3f6 bmdma 0xd000 irq 14
[    1.101829] ata2: PATA max UDMA/33 cmd 0x170 ctl 0x376 bmdma 0xd008 irq 15
[    1.102624] libphy: Fixed MDIO Bus: probed
[    1.102957] tun: Universal TUN/TAP device driver, 1.6
[    1.103552] tun: (C) 1999-2004 Max Krasnyansky <maxk@qualcomm.com>
[    1.104545] PPP generic driver version 2.4.2
[    1.105461] ehci_hcd: USB 2.0 'Enhanced' Host Controller (EHCI) Driver
[    1.105859] ehci-pci: EHCI PCI platform driver
[    1.106398] ehci-platform: EHCI generic platform driver
[    1.107025] ohci_hcd: USB 1.1 'Open' Host Controller (OHCI) Driver
[    1.107509] ohci-pci: OHCI PCI platform driver
[    1.109147] ohci-pci 0000:00:06.0: OHCI PCI host controller
[    1.109764] ohci-pci 0000:00:06.0: new USB bus registered, assigned bus number 1
[    1.111089] ohci-pci 0000:00:06.0: irq 22, io mem 0xf0804000
[    1.169043] usb usb1: New USB device found, idVendor=1d6b, idProduct=0001
[    1.169854] usb usb1: New USB device strings: Mfr=3, Product=2, SerialNumber=1
[    1.171560] usb usb1: Product: OHCI PCI host controller
[    1.172360] usb usb1: Manufacturer: Linux 4.4.0-87-generic ohci_hcd
[    1.173233] usb usb1: SerialNumber: 0000:00:06.0
[    1.173910] hub 1-0:1.0: USB hub found
[    1.174363] hub 1-0:1.0: 12 ports detected
[    1.175831] ohci-platform: OHCI generic platform driver
[    1.176541] uhci_hcd: USB Universal Host Controller Interface driver
[    1.177547] i8042: PNP: PS/2 Controller [PNP0303:PS2K,PNP0f03:PS2M] at 0x60,0x64 irq 1,12
[    1.180197] serio: i8042 KBD port at 0x60,0x64 irq 1
[    1.180955] serio: i8042 AUX port at 0x60,0x64 irq 12
[    1.181763] mousedev: PS/2 mouse device common for all mice
[    1.182651] input: AT Translated Set 2 keyboard as /devices/platform/i8042/serio0/input/input2
[    1.184486] rtc_cmos rtc_cmos: rtc core: registered rtc_cmos as rtc0
[    1.185002] rtc_cmos rtc_cmos: alarms up to one day, 114 bytes nvram
[    1.185499] i2c /dev entries driver
[    1.186120] device-mapper: uevent: version 1.0.3
[    1.186667] device-mapper: ioctl: 4.34.0-ioctl (2015-10-28) initialised: dm-devel@redhat.com
[    1.187449] ledtrig-cpu: registered to indicate activity on CPUs
[    1.188182] NET: Registered protocol family 10
[    1.188872] NET: Registered protocol family 17
[    1.189385] Key type dns_resolver registered
[    1.190138] microcode: CPU0 sig=0x806ea, pf=0x2, revision=0x0
[    1.190917] microcode: Microcode Update Driver: v2.01 <tigran@aivazian.fsnet.co.uk>, Peter Oruba
[    1.193731] registered taskstats version 1
[    1.194729] Loading compiled-in X.509 certificates
[    1.196922] Loaded X.509 cert 'Build time autogenerated kernel key: 713bc24ccc5bf0d11d706d6f5bf7187ed23f7b25'
[    1.198398] zswap: loaded using pool lzo/zbud
[    1.201371] Key type trusted registered
[    1.205520] Key type encrypted registered
[    1.205951] AppArmor: AppArmor sha1 policy hashing enabled
[    1.206456] ima: No TPM chip found, activating TPM-bypass!
[    1.207211] evm: HMAC attrs: 0x1
[    1.208382]   Magic number: 14:174:937
[    1.209328] misc lightnvm: hash matches
[    1.210116] acpi PNP0103:00: hash matches
[    1.211058] rtc_cmos rtc_cmos: setting system clock to 2022-03-27 12:55:32 UTC (1648385732)
[    1.212320] BIOS EDD facility v0.16 2004-Jun-25, 0 devices found
[    1.212850] EDD information not available.
[    1.213410] PM: Hibernation image not present or could not be loaded.
[    1.268176] ata2.00: ATAPI: VBOX CD-ROM, 1.0, max UDMA/133
[    1.269213] ata2.00: configured for UDMA/33
[    1.270461] scsi 1:0:0:0: CD-ROM            VBOX     CD-ROM           1.0  PQ: 0 ANSI: 5
[    1.283877] sr 1:0:0:0: [sr0] scsi3-mmc drive: 32x/32x xa/form2 tray
[    1.284502] cdrom: Uniform CD-ROM driver Revision: 3.20
[    1.285147] sr 1:0:0:0: Attached scsi CD-ROM sr0
[    1.285247] sr 1:0:0:0: Attached scsi generic sg0 type 5
[    1.286559] Freeing unused kernel memory: 1488K (ffffffff81f45000 - ffffffff820b9000)
[    1.287964] Write protecting the kernel read-only data: 14336k
[    1.289334] Freeing unused kernel memory: 1756K (ffff880001849000 - ffff880001a00000)
[    1.290446] Freeing unused kernel memory: 112K (ffff880001de4000 - ffff880001e00000)
[    1.305850] random: udevadm: uninitialized urandom read (16 bytes read, 3 bits of entropy available)
[    1.306683] random: udevadm: uninitialized urandom read (16 bytes read, 3 bits of entropy available)
[    1.307912] random: systemd-udevd: uninitialized urandom read (16 bytes read, 3 bits of entropy available)
[    1.308991] random: systemd-udevd: uninitialized urandom read (16 bytes read, 3 bits of entropy available)
[    1.310567] random: systemd-udevd: uninitialized urandom read (16 bytes read, 3 bits of entropy available)
[    1.311899] random: systemd-udevd: uninitialized urandom read (16 bytes read, 3 bits of entropy available)
[    1.318749] random: systemd-udevd: uninitialized urandom read (16 bytes read, 3 bits of entropy available)
[    1.319732] random: systemd-udevd: uninitialized urandom read (16 bytes read, 3 bits of entropy available)
[    1.320671] random: systemd-udevd: uninitialized urandom read (16 bytes read, 3 bits of entropy available)
[    1.323229] random: systemd-udevd: uninitialized urandom read (16 bytes read, 3 bits of entropy available)
[    1.396898] ACPI: Video Device [GFX0] (multi-head: yes  rom: no  post: no)
[    1.397502] input: Video Bus as /devices/LNXSYSTM:00/LNXSYBUS:00/PNP0A03:00/LNXVIDEO:00/input/input4
[    1.400867] FUJITSU Extended Socket Network Device Driver - version 1.0 - Copyright (c) 2015 FUJITSU LIMITED
[    1.432020] ahci 0000:00:0d.0: version 3.0
[    1.432591] ahci 0000:00:0d.0: SSS flag set, parallel bus scan disabled
[    1.433159] ahci 0000:00:0d.0: AHCI 0001.0100 32 slots 1 ports 3 Gbps 0x1 impl SATA mode
[    1.434234] ahci 0000:00:0d.0: flags: 64bit ncq stag only ccc 
[    1.455174] scsi host2: ahci
[    1.455696] ata3: SATA max UDMA/133 abar m8192@0xf0806000 port 0xf0806100 irq 21
[    1.494818] AVX2 version of gcm_enc/dec engaged.
[    1.495708] AES CTR mode by8 optimization enabled
[    1.497696] e1000: Intel(R) PRO/1000 Network Driver - version 7.3.21-k8-NAPI
[    1.498593] e1000: Copyright (c) 1999-2006 Intel Corporation.
[    1.582933] usb 1-1: new full-speed USB device number 2 using ohci-pci
[    1.650579] input: ImExPS/2 Generic Explorer Mouse as /devices/platform/i8042/serio1/input/input5
[    1.792946] ata3: SATA link up 3.0 Gbps (SStatus 123 SControl 300)
[    1.799071] ata3.00: ATA-6: VBOX HARDDISK, 1.0, max UDMA/133
[    1.800026] ata3.00: 16777216 sectors, multi 128: LBA48 NCQ (depth 31/32)
[    1.806598] ata3.00: configured for UDMA/133
[    1.813618] scsi 2:0:0:0: Direct-Access     ATA      VBOX HARDDISK    1.0  PQ: 0 ANSI: 5
[    1.814778] sd 2:0:0:0: [sda] 16777216 512-byte logical blocks: (8.59 GB/8.00 GiB)
[    1.815789] sd 2:0:0:0: [sda] Write Protect is off
[    1.816322] sd 2:0:0:0: [sda] Mode Sense: 00 3a 00 00
[    1.816404] sd 2:0:0:0: Attached scsi generic sg1 type 0
[    1.817327] sd 2:0:0:0: [sda] Write cache: enabled, read cache: enabled, doesn't support DPO or FUA
[    1.881160] usb 1-1: New USB device found, idVendor=80ee, idProduct=0021
[    1.881819] usb 1-1: New USB device strings: Mfr=1, Product=3, SerialNumber=0
[    1.882446] usb 1-1: Product: USB Tablet
[    1.883040] usb 1-1: Manufacturer: VirtualBox
[    1.901771] hidraw: raw HID events driver (C) Jiri Kosina
[    1.916047]  sda: sda1 sda2 < sda5 >
[    1.916713] sd 2:0:0:0: [sda] Attached SCSI disk
[    1.925393] usbcore: registered new interface driver usbhid
[    1.926188] usbhid: USB HID core driver
[    1.935176] input: VirtualBox USB Tablet as /devices/pci0000:00/0000:00:06.0/usb1/1-1/1-1:1.0/0003:80EE:0021.0001/input/input6
[    1.936744] hid-generic 0003:80EE:0021.0001: input,hidraw0: USB HID v1.10 Mouse [VirtualBox USB Tablet] on usb-0000:00:06.0-1/input0
[    2.001898] e1000 0000:00:03.0 eth0: (PCI:33MHz:32-bit) 08:00:27:d1:83:5d
[    2.002509] e1000 0000:00:03.0 eth0: Intel(R) PRO/1000 Network Connection
[    2.003839] e1000 0000:00:03.0 enp0s3: renamed from eth0
[    2.071126] tsc: Refined TSC clocksource calibration: 1989.874 MHz
[    2.072189] clocksource: tsc: mask: 0xffffffffffffffff max_cycles: 0x395da101367, max_idle_ns: 881590522796 ns
[    4.475561] floppy0: no floppy controllers found
[    4.475991] work still pending
[    5.759732] md: linear personality registered for level -1
[    5.763568] md: multipath personality registered for level -4
[    5.766424] md: raid0 personality registered for level 0
[    5.772389] md: raid1 personality registered for level 1
[    5.842982] raid6: sse2x1   gen()  9415 MB/s
[    5.911107] raid6: sse2x1   xor()  7315 MB/s
[    5.978940] raid6: sse2x2   gen() 11701 MB/s
[    6.047032] raid6: sse2x2   xor()  8426 MB/s
[    6.115005] raid6: sse2x4   gen() 13563 MB/s
[    6.182944] raid6: sse2x4   xor()  9048 MB/s
[    6.250915] raid6: avx2x1   gen() 18013 MB/s
[    6.318943] raid6: avx2x2   gen() 21835 MB/s
[    6.386958] raid6: avx2x4   gen() 23322 MB/s
[    6.387370] raid6: using algorithm avx2x4 gen() 23322 MB/s
[    6.387850] raid6: using avx2x2 recovery algorithm
[    6.390292] xor: automatically using best checksumming function:
[    6.426924]    avx       : 18538.000 MB/sec
[    6.429041] async_tx: api initialized (async)
[    6.442464] md: raid6 personality registered for level 6
[    6.443167] md: raid5 personality registered for level 5
[    6.443691] md: raid4 personality registered for level 4
[    6.449717] md: raid10 personality registered for level 10
[    6.489273] Btrfs loaded
[    6.812812] EXT4-fs (sda1): mounted filesystem with ordered data mode. Opts: (null)
[    7.547035] random: nonblocking pool is initialized
[    8.012563] systemd[1]: systemd 229 running in system mode. (+PAM +AUDIT +SELINUX +IMA +APPARMOR +SMACK +SYSVINIT +UTMP +LIBCRYPTSETUP +GCRYPT +GNUTLS +ACL +XZ -LZ4 +SECCOMP +BLKID +ELFUTILS +KMOD -IDN)
[    8.013932] systemd[1]: Detected virtualization oracle.
[    8.014323] systemd[1]: Detected architecture x86-64.
[    8.049966] systemd[1]: Set hostname to <ubuntu>.
[    9.431863] systemd[1]: Listening on /dev/initctl Compatibility Named Pipe.
[    9.433275] systemd[1]: Listening on fsck to fsckd communication Socket.
[    9.434727] systemd[1]: Listening on Device-mapper event daemon FIFOs.
[    9.436007] systemd[1]: Listening on LVM2 metadata daemon socket.
[    9.437198] systemd[1]: Listening on udev Kernel Socket.
[    9.439292] systemd[1]: Created slice System Slice.
[    9.441513] systemd[1]: Started Trigger resolvconf update for networkd DNS.
[    9.443515] systemd[1]: Created slice User and Session Slice.
[    9.444667] systemd[1]: Reached target Encrypted Volumes.
[    9.445781] systemd[1]: Started Forward Password Requests to Wall Directory Watch.
[    9.447386] systemd[1]: Listening on udev Control Socket.
[    9.448567] systemd[1]: Listening on Journal Socket.
[    9.450592] systemd[1]: Mounting Debug File System...
[    9.453094] systemd[1]: Starting Set console keymap...
[    9.516859] systemd[1]: Starting Load Kernel Modules...
[    9.518279] systemd[1]: Mounting Huge Pages File System...
[    9.520815] systemd[1]: Starting Uncomplicated firewall...
[    9.524584] systemd[1]: Starting Monitoring of LVM2 mirrors, snapshots etc. using dmeventd or progress polling...
[    9.526745] systemd[1]: Reached target Slices.
[    9.529176] systemd[1]: Mounting POSIX Message Queue File System...
[    9.530476] systemd[1]: Listening on Journal Socket (/dev/log).
[    9.533498] systemd[1]: Starting Nameserver information manager...
[    9.534404] systemd[1]: Reached target User and Group Name Lookups.
[    9.535841] systemd[1]: Listening on Syslog Socket.
[    9.536801] systemd[1]: Listening on LVM2 poll daemon socket.
[    9.539311] systemd[1]: Listening on Journal Audit Socket.
[    9.541550] systemd[1]: Starting Journal Service...
[    9.543646] systemd[1]: Set up automount Arbitrary Executable File Formats File System Automount Point.
[    9.561702] systemd[1]: Starting Create list of required static device nodes for the current kernel...
[    9.708794] systemd[1]: Started Uncomplicated firewall.
[    9.730268] systemd[1]: Mounted Huge Pages File System.
[    9.732403] systemd[1]: Mounted POSIX Message Queue File System.
[    9.734470] systemd[1]: Mounted Debug File System.
[    9.742136] Loading iSCSI transport class v2.0-870.
[    9.751567] systemd[1]: Started Create list of required static device nodes for the current kernel.
[    9.754775] systemd[1]: Starting Create Static Device Nodes in /dev...
[   10.020042] systemd[1]: Started Nameserver information manager.
[   10.021810] systemd[1]: Reached target Network (Pre).
[   10.023948] iscsi: registered transport (tcp)
[   10.086982] systemd[1]: Started Set console keymap.
[   10.159223] systemd[1]: Started LVM2 metadata daemon.
[   10.193406] systemd[1]: Started Journal Service.
[   10.256439] iscsi: registered transport (iser)
[   10.952598] EXT4-fs (sda1): re-mounted. Opts: errors=remount-ro
[   11.236973] systemd-journald[367]: Received request to flush runtime journal from PID 1
[   12.075812] piix4_smbus 0000:00:07.0: SMBus Host Controller at 0x4100, revision 0
[   12.134492] vgdrvHeartbeatInit: Setting up heartbeat to trigger every 2000 milliseconds
[   12.134712] input: Unspecified device as /devices/pci0000:00/0000:00:04.0/input/input7
[   12.135071] vboxguest: misc device minor 55, IRQ 20, I/O port d020, MMIO at 00000000f0400000 (size 0x400000)
[   12.135168] vboxguest: Successfully loaded version 5.0.18_Ubuntu (interface 0x00010004)
[   12.407691] [drm] Initialized drm 1.1.0 20060810
[   12.510459] intel_rapl: no valid rapl domains found in package 0
[   12.620011] [drm] VRAM 01000000
[   12.630710] [TTM] Zone  kernel: Available graphics memory: 379024 kiB
[   12.630711] [TTM] Initializing pool allocator
[   12.630715] [TTM] Initializing DMA pool allocator
[   12.652517] fbcon: vboxdrmfb (fb0) is primary device
[   12.676401] Console: switching to colour frame buffer device 100x37
[   12.677640] vboxvideo 0000:00:02.0: fb0: vboxdrmfb frame buffer device
[   12.687383] [drm] Initialized vboxvideo 1.0.0 20130823 for 0000:00:02.0 on minor 0
[   12.708450] snd_intel8x0 0000:00:05.0: disable (unknown or VT-d) VM optimization
[   12.731851] ppdev: user-space parallel port driver
[   12.970078] snd_intel8x0 0000:00:05.0: white list rate for 1028:0177 is 48000
[   13.267074] audit: type=1400 audit(1648385744.552:2): apparmor="STATUS" operation="profile_load" profile="unconfined" name="lxc-container-default" pid=701 comm="apparmor_parser"
[   13.267081] audit: type=1400 audit(1648385744.552:3): apparmor="STATUS" operation="profile_load" profile="unconfined" name="lxc-container-default-cgns" pid=701 comm="apparmor_parser"
[   13.267085] audit: type=1400 audit(1648385744.552:4): apparmor="STATUS" operation="profile_load" profile="unconfined" name="lxc-container-default-with-mounting" pid=701 comm="apparmor_parser"
[   13.267089] audit: type=1400 audit(1648385744.552:5): apparmor="STATUS" operation="profile_load" profile="unconfined" name="lxc-container-default-with-nesting" pid=701 comm="apparmor_parser"
[   13.427923] audit: type=1400 audit(1648385744.712:6): apparmor="STATUS" operation="profile_load" profile="unconfined" name="/sbin/dhclient" pid=702 comm="apparmor_parser"
[   13.427929] audit: type=1400 audit(1648385744.712:7): apparmor="STATUS" operation="profile_load" profile="unconfined" name="/usr/lib/NetworkManager/nm-dhcp-client.action" pid=702 comm="apparmor_parser"
[   13.427935] audit: type=1400 audit(1648385744.712:8): apparmor="STATUS" operation="profile_load" profile="unconfined" name="/usr/lib/NetworkManager/nm-dhcp-helper" pid=702 comm="apparmor_parser"
[   13.427939] audit: type=1400 audit(1648385744.712:9): apparmor="STATUS" operation="profile_load" profile="unconfined" name="/usr/lib/connman/scripts/dhclient-script" pid=702 comm="apparmor_parser"
[   13.431287] audit: type=1400 audit(1648385744.716:10): apparmor="STATUS" operation="profile_load" profile="unconfined" name="/usr/bin/lxc-start" pid=703 comm="apparmor_parser"
[   13.436567] audit: type=1400 audit(1648385744.720:11): apparmor="STATUS" operation="profile_load" profile="unconfined" name="/usr/lib/lxd/lxd-bridge-proxy" pid=704 comm="apparmor_parser"
[   14.118907] IPv6: ADDRCONF(NETDEV_UP): enp0s3: link is not ready
[   14.120043] e1000: enp0s3 NIC Link is Up 1000 Mbps Full Duplex, Flow Control: RX
[   14.120362] IPv6: ADDRCONF(NETDEV_CHANGE): enp0s3: link becomes ready
[   14.376342] Adding 784380k swap on /dev/sda5.  Priority:-1 extents:1 across:784380k FS
[   15.258927] floppy0: no floppy controllers found
[   15.373710] cgroup: new mount options do not match the existing superblock, will be ignored
[  194.092353] simple: module verification failed: signature and/or required key missing - tainting kernel
[  194.094028] Loading Module
[  194.094032] Birthday: Month 7 Day 2 Year 1995
[  194.094034] Birthday: Month 8 Day 3 Year 1996
[  194.094035] Birthday: Month 9 Day 4 Year 1997
[  194.094037] Birthday: Month 10 Day 5 Year 1998
[  194.094039] Birthday: Month 11 Day 6 Year 1999
[  194.094041] Birthday: Month 12 Day 7 Year 2000
[  240.476361] Removing Module
[  240.476363] Removing Birthday: Month 7 Day 2 Year 1995
[  240.476364] Removing Birthday: Month 8 Day 3 Year 1996
[  240.476365] Removing Birthday: Month 9 Day 4 Year 1997
[  240.476366] Removing Birthday: Month 10 Day 5 Year 1998
[  240.476367] Removing Birthday: Month 11 Day 6 Year 1999
[  240.476368] Removing Birthday: Month 12 Day 7 Year 2000
[  240.476369] Memory free done
