[    0.000000] Initializing cgroup subsys cpuset
[    0.000000] Initializing cgroup subsys cpu
[    0.000000] Initializing cgroup subsys cpuacct
[    0.000000] Linux version 4.4.0-87-generic (buildd@lcy01-31) (gcc version 5.4.0 20160609 (Ubuntu 5.4.0-6ubuntu1~16.04.4) ) #110-Ubuntu SMP Tue Jul 18 12:55:35 UTC 2017 (Ubuntu 4.4.0-87.110-generic 4.4.73)
[    0.000000] Command line: BOOT_IMAGE=/boot/vmlinuz-4.4.0-87-generic root=UUID=5722d71b-b285-4215-8ed6-c4fafcf41286 ro
[    0.000000] KERNEL supported cpus:
[    0.000000]   Intel GenuineIntel
[    0.000000]   AMD AuthenticAMD
[    0.000000]   Centaur CentaurHauls
[    0.000000] x86/fpu: xstate_offset[2]:  576, xstate_sizes[2]:  256
[    0.000000] x86/fpu: Supporting XSAVE feature 0x01: 'x87 floating point registers'
[    0.000000] x86/fpu: Supporting XSAVE feature 0x02: 'SSE registers'
[    0.000000] x86/fpu: Supporting XSAVE feature 0x04: 'AVX registers'
[    0.000000] x86/fpu: Enabled xstate features 0x7, context size is 832 bytes, using 'standard' format.
[    0.000000] x86/fpu: Using 'lazy' FPU context switches.
[    0.000000] e820: BIOS-provided physical RAM map:
[    0.000000] BIOS-e820: [mem 0x0000000000000000-0x000000000009fbff] usable
[    0.000000] BIOS-e820: [mem 0x000000000009fc00-0x000000000009ffff] reserved
[    0.000000] BIOS-e820: [mem 0x00000000000f0000-0x00000000000fffff] reserved
[    0.000000] BIOS-e820: [mem 0x0000000000100000-0x000000002ffeffff] usable
[    0.000000] BIOS-e820: [mem 0x000000002fff0000-0x000000002fffffff] ACPI data
[    0.000000] BIOS-e820: [mem 0x00000000fec00000-0x00000000fec00fff] reserved
[    0.000000] BIOS-e820: [mem 0x00000000fee00000-0x00000000fee00fff] reserved
[    0.000000] BIOS-e820: [mem 0x00000000fffc0000-0x00000000ffffffff] reserved
[    0.000000] NX (Execute Disable) protection: active
[    0.000000] SMBIOS 2.5 present.
[    0.000000] DMI: innotek GmbH VirtualBox/VirtualBox, BIOS VirtualBox 12/01/2006
[    0.000000] Hypervisor detected: KVM
[    0.000000] e820: update [mem 0x00000000-0x00000fff] usable ==> reserved
[    0.000000] e820: remove [mem 0x000a0000-0x000fffff] usable
[    0.000000] e820: last_pfn = 0x2fff0 max_arch_pfn = 0x400000000
[    0.000000] MTRR default type: uncachable
[    0.000000] MTRR variable ranges disabled:
[    0.000000] MTRR: Disabled
[    0.000000] x86/PAT: MTRRs disabled, skipping PAT initialization too.
[    0.000000] x86/PAT: Configuration [0-7]: WB  WT  UC- UC  WB  WT  UC- UC  
[    0.000000] CPU MTRRs all blank - virtualized system.
[    0.000000] found SMP MP-table at [mem 0x0009fff0-0x0009ffff] mapped at [ffff88000009fff0]
[    0.000000] Scanning 1 areas for low memory corruption
[    0.000000] Base memory trampoline at [ffff880000099000] 99000 size 24576
[    0.000000] BRK [0x0220c000, 0x0220cfff] PGTABLE
[    0.000000] BRK [0x0220d000, 0x0220dfff] PGTABLE
[    0.000000] BRK [0x0220e000, 0x0220efff] PGTABLE
[    0.000000] BRK [0x0220f000, 0x0220ffff] PGTABLE
[    0.000000] RAMDISK: [mem 0x2d0be000-0x2f4e4fff]
[    0.000000] ACPI: Early table checksum verification disabled
[    0.000000] ACPI: RSDP 0x00000000000E0000 000024 (v02 VBOX  )
[    0.000000] ACPI: XSDT 0x000000002FFF0030 00003C (v01 VBOX   VBOXXSDT 00000001 ASL  00000061)
[    0.000000] ACPI: FACP 0x000000002FFF00F0 0000F4 (v04 VBOX   VBOXFACP 00000001 ASL  00000061)
[    0.000000] ACPI: DSDT 0x000000002FFF0470 002325 (v02 VBOX   VBOXBIOS 00000002 INTL 20100528)
[    0.000000] ACPI: FACS 0x000000002FFF0200 000040
[    0.000000] ACPI: FACS 0x000000002FFF0200 000040
[    0.000000] ACPI: APIC 0x000000002FFF0240 000054 (v02 VBOX   VBOXAPIC 00000001 ASL  00000061)
[    0.000000] ACPI: SSDT 0x000000002FFF02A0 0001CC (v01 VBOX   VBOXCPUT 00000002 INTL 20100528)
[    0.000000] ACPI: Local APIC address 0xfee00000
[    0.000000] No NUMA configuration found
[    0.000000] Faking a node at [mem 0x0000000000000000-0x000000002ffeffff]
[    0.000000] NODE_DATA(0) allocated [mem 0x2ffeb000-0x2ffeffff]
[    0.000000] kvm-clock: Using msrs 4b564d01 and 4b564d00
[    0.000000] kvm-clock: cpu 0, msr 0:2ffe3001, primary cpu clock
[    0.000000] kvm-clock: using sched offset of 7531513058 cycles
[    0.000000] clocksource: kvm-clock: mask: 0xffffffffffffffff max_cycles: 0x1cd42e4dffb, max_idle_ns: 881590591483 ns
[    0.000000] Zone ranges:
[    0.000000]   DMA      [mem 0x0000000000001000-0x0000000000ffffff]
[    0.000000]   DMA32    [mem 0x0000000001000000-0x000000002ffeffff]
[    0.000000]   Normal   empty
[    0.000000]   Device   empty
[    0.000000] Movable zone start for each node
[    0.000000] Early memory node ranges
[    0.000000]   node   0: [mem 0x0000000000001000-0x000000000009efff]
[    0.000000]   node   0: [mem 0x0000000000100000-0x000000002ffeffff]
[    0.000000] Initmem setup node 0 [mem 0x0000000000001000-0x000000002ffeffff]
[    0.000000] On node 0 totalpages: 196494
[    0.000000]   DMA zone: 64 pages used for memmap
[    0.000000]   DMA zone: 21 pages reserved
[    0.000000]   DMA zone: 3998 pages, LIFO batch:0
[    0.000000]   DMA32 zone: 3008 pages used for memmap
[    0.000000]   DMA32 zone: 192496 pages, LIFO batch:31
[    0.000000] ACPI: PM-Timer IO Port: 0x4008
[    0.000000] ACPI: Local APIC address 0xfee00000
[    0.000000] IOAPIC[0]: apic_id 1, version 32, address 0xfec00000, GSI 0-23
[    0.000000] ACPI: INT_SRC_OVR (bus 0 bus_irq 0 global_irq 2 dfl dfl)
[    0.000000] ACPI: INT_SRC_OVR (bus 0 bus_irq 9 global_irq 9 low level)
[    0.000000] ACPI: IRQ0 used by override.
[    0.000000] ACPI: IRQ9 used by override.
[    0.000000] Using ACPI (MADT) for SMP configuration information
[    0.000000] smpboot: Allowing 1 CPUs, 0 hotplug CPUs
[    0.000000] PM: Registered nosave memory: [mem 0x00000000-0x00000fff]
[    0.000000] PM: Registered nosave memory: [mem 0x0009f000-0x0009ffff]
[    0.000000] PM: Registered nosave memory: [mem 0x000a0000-0x000effff]
[    0.000000] PM: Registered nosave memory: [mem 0x000f0000-0x000fffff]
[    0.000000] e820: [mem 0x30000000-0xfebfffff] available for PCI devices
[    0.000000] Booting paravirtualized kernel on KVM
[    0.000000] clocksource: refined-jiffies: mask: 0xffffffff max_cycles: 0xffffffff, max_idle_ns: 7645519600211568 ns
[    0.000000] setup_percpu: NR_CPUS:512 nr_cpumask_bits:512 nr_cpu_ids:1 nr_node_ids:1
[    0.000000] PERCPU: Embedded 33 pages/cpu @ffff88002fc00000 s98264 r8192 d28712 u2097152
[    0.000000] pcpu-alloc: s98264 r8192 d28712 u2097152 alloc=1*2097152
[    0.000000] pcpu-alloc: [0] 0 
[    0.000000] PV qspinlock hash table entries: 256 (order: 0, 4096 bytes)
[    0.000000] Built 1 zonelists in Node order, mobility grouping on.  Total pages: 193401
[    0.000000] Policy zone: DMA32
[    0.000000] Kernel command line: BOOT_IMAGE=/boot/vmlinuz-4.4.0-87-generic root=UUID=5722d71b-b285-4215-8ed6-c4fafcf41286 ro
[    0.000000] PID hash table entries: 4096 (order: 3, 32768 bytes)
[    0.000000] Calgary: detecting Calgary via BIOS EBDA area
[    0.000000] Calgary: Unable to locate Rio Grande table in EBDA - bailing!
[    0.000000] Memory: 717640K/785976K available (8474K kernel code, 1293K rwdata, 3984K rodata, 1488K init, 1316K bss, 68336K reserved, 0K cma-reserved)
[    0.000000] SLUB: HWalign=64, Order=0-3, MinObjects=0, CPUs=1, Nodes=1
[    0.000000] Hierarchical RCU implementation.
[    0.000000] 	Build-time adjustment of leaf fanout to 64.
[    0.000000] 	RCU restricting CPUs from NR_CPUS=512 to nr_cpu_ids=1.
[    0.000000] RCU: Adjusting geometry for rcu_fanout_leaf=64, nr_cpu_ids=1
[    0.000000] NR_IRQS:33024 nr_irqs:256 16
[    0.000000] Console: colour VGA+ 80x25
[    0.000000] console [tty0] enabled
[    0.000000] tsc: Detected 1992.004 MHz processor
[    0.097138] Calibrating delay loop (skipped) preset value.. 3984.00 BogoMIPS (lpj=7968016)
[    0.098029] pid_max: default: 32768 minimum: 301
[    0.098514] ACPI: Core revision 20150930
[    0.100854] ACPI: 2 ACPI AML tables successfully acquired and loaded
[    0.101475] Security Framework initialized
[    0.101879] Yama: becoming mindful.
[    0.102378] AppArmor: AppArmor initialized
[    0.102843] Dentry cache hash table entries: 131072 (order: 8, 1048576 bytes)
[    0.103425] Inode-cache hash table entries: 65536 (order: 7, 524288 bytes)
[    0.104008] Mount-cache hash table entries: 2048 (order: 2, 16384 bytes)
[    0.104541] Mountpoint-cache hash table entries: 2048 (order: 2, 16384 bytes)
[    0.105407] Initializing cgroup subsys io
[    0.105993] Initializing cgroup subsys memory
[    0.106443] Initializing cgroup subsys devices
[    0.106915] Initializing cgroup subsys freezer
[    0.107378] Initializing cgroup subsys net_cls
[    0.107837] Initializing cgroup subsys perf_event
[    0.108478] Initializing cgroup subsys net_prio
[    0.108965] Initializing cgroup subsys hugetlb
[    0.109384] Initializing cgroup subsys pids
[    0.109991] CPU: Physical Processor ID: 0
[    0.111956] mce: CPU supports 0 MCE banks
[    0.112351] process: using mwait in idle threads
[    0.112858] Last level iTLB entries: 4KB 64, 2MB 8, 4MB 8
[    0.113343] Last level dTLB entries: 4KB 64, 2MB 0, 4MB 0, 1GB 4
[    0.143572] Freeing SMP alternatives memory: 32K (ffffffff820b9000 - ffffffff820c1000)
[    0.158462] ftrace: allocating 32128 entries in 126 pages
[    0.233963] smpboot: APIC(0) Converting physical 0 to logical package 0
[    0.234517] smpboot: Max logical packages: 1
[    0.236478] ..TIMER: vector=0x30 apic1=0 pin1=2 apic2=-1 pin2=-1
[    0.340767] smpboot: CPU0: Intel(R) Core(TM) i7-8550U CPU @ 1.80GHz (family: 0x6, model: 0x8e, stepping: 0xa)
[    0.341745] Performance Events: unsupported p6 CPU model 142 no PMU driver, software events only.
[    0.342694] KVM setup paravirtual spinlock
[    0.343625] x86: Booted up 1 node, 1 CPUs
[    0.343980] smpboot: Total of 1 processors activated (3984.00 BogoMIPS)
[    0.345475] devtmpfs: initialized
[    0.347652] evm: security.selinux
[    0.348081] evm: security.SMACK64
[    0.348597] evm: security.SMACK64EXEC
[    0.349135] evm: security.SMACK64TRANSMUTE
[    0.349565] evm: security.SMACK64MMAP
[    0.349953] evm: security.ima
[    0.350353] evm: security.capability
[    0.350796] clocksource: jiffies: mask: 0xffffffff max_cycles: 0xffffffff, max_idle_ns: 7645041785100000 ns
[    0.351646] futex hash table entries: 256 (order: 2, 16384 bytes)
[    0.352320] pinctrl core: initialized pinctrl subsystem
[    0.353130] RTC time: 12:10:20, date: 03/27/22
[    0.353903] NET: Registered protocol family 16
[    0.354807] cpuidle: using governor ladder
[    0.355320] cpuidle: using governor menu
[    0.355975] PCCT header not found.
[    0.356480] ACPI: bus type PCI registered
[    0.356994] acpiphp: ACPI Hot Plug PCI Controller Driver version: 0.5
[    0.357738] PCI: Using configuration type 1 for base access
[    0.359906] ACPI: Added _OSI(Module Device)
[    0.360479] ACPI: Added _OSI(Processor Device)
[    0.360882] ACPI: Added _OSI(3.0 _SCP Extensions)
[    0.361817] ACPI: Added _OSI(Processor Aggregator Device)
[    0.363796] ACPI: Executed 1 blocks of module-level executable AML code
[    0.367448] ACPI: Interpreter enabled
[    0.367877] ACPI: (supports S0 S5)
[    0.368389] ACPI: Using IOAPIC for interrupt routing
[    0.369206] PCI: Using host bridge windows from ACPI; if necessary, use "pci=nocrs" and report a bug
[    0.374145] ACPI: PCI Root Bridge [PCI0] (domain 0000 [bus 00-ff])
[    0.374568] acpi PNP0A03:00: _OSC: OS supports [ASPM ClockPM Segments MSI]
[    0.375429] acpi PNP0A03:00: _OSC: not requesting OS control; OS requires [ExtendedConfig ASPM ClockPM MSI]
[    0.376394] acpi PNP0A03:00: fail to add MMCONFIG information, can't access extended PCI configuration space under this bridge.
[    0.378215] PCI host bridge to bus 0000:00
[    0.379166] pci_bus 0000:00: root bus resource [io  0x0000-0x0cf7 window]
[    0.380013] pci_bus 0000:00: root bus resource [io  0x0d00-0xffff window]
[    0.380774] pci_bus 0000:00: root bus resource [mem 0x000a0000-0x000bffff window]
[    0.381860] pci_bus 0000:00: root bus resource [mem 0x30000000-0xfdffffff window]
[    0.383112] pci_bus 0000:00: root bus resource [bus 00-ff]
[    0.383893] pci 0000:00:00.0: [8086:1237] type 00 class 0x060000
[    0.384890] pci 0000:00:01.0: [8086:7000] type 00 class 0x060100
[    0.386097] pci 0000:00:01.1: [8086:7111] type 00 class 0x01018a
[    0.386785] pci 0000:00:01.1: reg 0x20: [io  0xd000-0xd00f]
[    0.387188] pci 0000:00:01.1: legacy IDE quirk: reg 0x10: [io  0x01f0-0x01f7]
[    0.388276] pci 0000:00:01.1: legacy IDE quirk: reg 0x14: [io  0x03f6]
[    0.389366] pci 0000:00:01.1: legacy IDE quirk: reg 0x18: [io  0x0170-0x0177]
[    0.390278] pci 0000:00:01.1: legacy IDE quirk: reg 0x1c: [io  0x0376]
[    0.391957] pci 0000:00:02.0: [80ee:beef] type 00 class 0x030000
[    0.393218] pci 0000:00:02.0: reg 0x10: [mem 0xe0000000-0xe0ffffff pref]
[    0.400524] pci 0000:00:03.0: [8086:100e] type 00 class 0x020000
[    0.401235] pci 0000:00:03.0: reg 0x10: [mem 0xf0000000-0xf001ffff]
[    0.401940] pci 0000:00:03.0: reg 0x18: [io  0xd010-0xd017]
[    0.403929] pci 0000:00:04.0: [80ee:cafe] type 00 class 0x088000
[    0.404419] pci 0000:00:04.0: reg 0x10: [io  0xd020-0xd03f]
[    0.404755] pci 0000:00:04.0: reg 0x14: [mem 0xf0400000-0xf07fffff]
[    0.405117] pci 0000:00:04.0: reg 0x18: [mem 0xf0800000-0xf0803fff pref]
[    0.406764] pci 0000:00:05.0: [8086:2415] type 00 class 0x040100
[    0.406909] pci 0000:00:05.0: reg 0x10: [io  0xd100-0xd1ff]
[    0.406992] pci 0000:00:05.0: reg 0x14: [io  0xd200-0xd23f]
[    0.407730] pci 0000:00:06.0: [106b:003f] type 00 class 0x0c0310
[    0.408267] pci 0000:00:06.0: reg 0x10: [mem 0xf0804000-0xf0804fff]
[    0.410699] pci 0000:00:07.0: [8086:7113] type 00 class 0x068000
[    0.411585] pci 0000:00:07.0: quirk: [io  0x4000-0x403f] claimed by PIIX4 ACPI
[    0.412783] pci 0000:00:07.0: quirk: [io  0x4100-0x410f] claimed by PIIX4 SMB
[    0.414280] pci 0000:00:0d.0: [8086:2829] type 00 class 0x010601
[    0.415118] pci 0000:00:0d.0: reg 0x10: [io  0xd240-0xd247]
[    0.415779] pci 0000:00:0d.0: reg 0x14: [io  0xd248-0xd24b]
[    0.416259] pci 0000:00:0d.0: reg 0x18: [io  0xd250-0xd257]
[    0.416727] pci 0000:00:0d.0: reg 0x1c: [io  0xd258-0xd25b]
[    0.417073] pci 0000:00:0d.0: reg 0x20: [io  0xd260-0xd26f]
[    0.417416] pci 0000:00:0d.0: reg 0x24: [mem 0xf0806000-0xf0807fff]
[    0.420485] ACPI: PCI Interrupt Link [LNKA] (IRQs 5 9 10 *11)
[    0.422175] ACPI: PCI Interrupt Link [LNKB] (IRQs 5 9 *10 11)
[    0.423665] ACPI: PCI Interrupt Link [LNKC] (IRQs 5 *9 10 11)
[    0.424487] ACPI: PCI Interrupt Link [LNKD] (IRQs 5 9 10 *11)
[    0.425438] ACPI: Enabled 2 GPEs in block 00 to 07
[    0.439647] vgaarb: setting as boot device: PCI:0000:00:02.0
[    0.440156] vgaarb: device added: PCI:0000:00:02.0,decodes=io+mem,owns=io+mem,locks=none
[    0.440948] vgaarb: loaded
[    0.441400] vgaarb: bridge control possible 0000:00:02.0
[    0.442057] SCSI subsystem initialized
[    0.442577] libata version 3.00 loaded.
[    0.442606] ACPI: bus type USB registered
[    0.443009] usbcore: registered new interface driver usbfs
[    0.443543] usbcore: registered new interface driver hub
[    0.443972] usbcore: registered new device driver usb
[    0.445018] PCI: Using ACPI for IRQ routing
[    0.445643] PCI: pci_cache_line_size set to 64 bytes
[    0.446014] e820: reserve RAM buffer [mem 0x0009fc00-0x0009ffff]
[    0.446020] e820: reserve RAM buffer [mem 0x2fff0000-0x2fffffff]
[    0.446209] NetLabel: Initializing
[    0.446725] NetLabel:  domain hash size = 128
[    0.447253] NetLabel:  protocols = UNLABELED CIPSOv4
[    0.447758] NetLabel:  unlabeled traffic allowed by default
[    0.448462] amd_nb: Cannot enumerate AMD northbridges
[    0.449044] clocksource: Switched to clocksource kvm-clock
[    0.462640] AppArmor: AppArmor Filesystem Enabled
[    0.463499] pnp: PnP ACPI init
[    0.464066] pnp 00:00: Plug and Play ACPI device, IDs PNP0303 (active)
[    0.464170] pnp 00:01: Plug and Play ACPI device, IDs PNP0f03 (active)
[    0.465033] pnp: PnP ACPI: found 2 devices
[    0.472228] clocksource: acpi_pm: mask: 0xffffff max_cycles: 0xffffff, max_idle_ns: 2085701024 ns
[    0.473106] pci_bus 0000:00: resource 4 [io  0x0000-0x0cf7 window]
[    0.473108] pci_bus 0000:00: resource 5 [io  0x0d00-0xffff window]
[    0.473110] pci_bus 0000:00: resource 6 [mem 0x000a0000-0x000bffff window]
[    0.473112] pci_bus 0000:00: resource 7 [mem 0x30000000-0xfdffffff window]
[    0.473139] NET: Registered protocol family 2
[    0.473759] TCP established hash table entries: 8192 (order: 4, 65536 bytes)
[    0.474248] TCP bind hash table entries: 8192 (order: 5, 131072 bytes)
[    0.474809] TCP: Hash tables configured (established 8192 bind 8192)
[    0.475286] UDP hash table entries: 512 (order: 2, 16384 bytes)
[    0.475905] UDP-Lite hash table entries: 512 (order: 2, 16384 bytes)
[    0.476488] NET: Registered protocol family 1
[    0.476933] pci 0000:00:00.0: Limiting direct PCI/PCI transfers
[    0.477669] pci 0000:00:01.0: Activating ISA DMA hang workarounds
[    0.478778] pci 0000:00:02.0: Video device with shadowed ROM
[    0.481000] PCI: CLS 0 bytes, default 64
[    0.481105] Unpacking initramfs...
[    1.190479] Freeing initrd memory: 37020K (ffff88002d0be000 - ffff88002f4e5000)
[    1.191623] platform rtc_cmos: registered platform RTC device (no PNP device found)
[    1.192436] Scanning for low memory corruption every 60 seconds
[    1.193279] audit: initializing netlink subsys (disabled)
[    1.193894] audit: type=2000 audit(1648383030.434:1): initialized
[    1.194588] Initialise system trusted keyring
[    1.195151] HugeTLB registered 2 MB page size, pre-allocated 0 pages
[    1.197205] zbud: loaded
[    1.197944] VFS: Disk quotas dquot_6.6.0
[    1.198620] VFS: Dquot-cache hash table entries: 512 (order 0, 4096 bytes)
[    1.199444] squashfs: version 4.0 (2009/01/31) Phillip Lougher
[    1.200240] fuse init (API version 7.23)
[    1.200919] Key type big_key registered
[    1.201315] Allocating IMA MOK and blacklist keyrings.
[    1.201984] Key type asymmetric registered
[    1.202522] Asymmetric key parser 'x509' registered
[    1.203017] Block layer SCSI generic (bsg) driver version 0.4 loaded (major 249)
[    1.203748] io scheduler noop registered
[    1.204172] io scheduler deadline registered (default)
[    1.204681] io scheduler cfq registered
[    1.205192] pci_hotplug: PCI Hot Plug PCI Core version: 0.5
[    1.205988] pciehp: PCI Express Hot Plug Controller Driver version: 0.4
[    1.207226] ACPI: AC Adapter [AC] (on-line)
[    1.207998] input: Power Button as /devices/LNXSYSTM:00/LNXPWRBN:00/input/input0
[    1.209154] ACPI: Power Button [PWRF]
[    1.210070] input: Sleep Button as /devices/LNXSYSTM:00/LNXSLPBN:00/input/input1
[    1.212312] ACPI: Sleep Button [SLPF]
[    1.213996] ACPI: Battery Slot [BAT0] (battery present)
[    1.214576] GHES: HEST is not enabled!
[    1.215065] Serial: 8250/16550 driver, 32 ports, IRQ sharing enabled
[    1.218737] Linux agpgart interface v0.103
[    1.228410] loop: module loaded
[    1.229064] ata_piix 0000:00:01.1: version 2.13
[    1.229815] scsi host0: ata_piix
[    1.230328] scsi host1: ata_piix
[    1.230797] ata1: PATA max UDMA/33 cmd 0x1f0 ctl 0x3f6 bmdma 0xd000 irq 14
[    1.231297] ata2: PATA max UDMA/33 cmd 0x170 ctl 0x376 bmdma 0xd008 irq 15
[    1.232368] libphy: Fixed MDIO Bus: probed
[    1.232899] tun: Universal TUN/TAP device driver, 1.6
[    1.233444] tun: (C) 1999-2004 Max Krasnyansky <maxk@qualcomm.com>
[    1.234084] PPP generic driver version 2.4.2
[    1.234591] ehci_hcd: USB 2.0 'Enhanced' Host Controller (EHCI) Driver
[    1.235231] ehci-pci: EHCI PCI platform driver
[    1.235836] ehci-platform: EHCI generic platform driver
[    1.236393] ohci_hcd: USB 1.1 'Open' Host Controller (OHCI) Driver
[    1.236955] ohci-pci: OHCI PCI platform driver
[    1.238838] ohci-pci 0000:00:06.0: OHCI PCI host controller
[    1.239526] ohci-pci 0000:00:06.0: new USB bus registered, assigned bus number 1
[    1.240847] ohci-pci 0000:00:06.0: irq 22, io mem 0xf0804000
[    1.298396] usb usb1: New USB device found, idVendor=1d6b, idProduct=0001
[    1.298985] usb usb1: New USB device strings: Mfr=3, Product=2, SerialNumber=1
[    1.299901] usb usb1: Product: OHCI PCI host controller
[    1.300511] usb usb1: Manufacturer: Linux 4.4.0-87-generic ohci_hcd
[    1.301139] usb usb1: SerialNumber: 0000:00:06.0
[    1.301841] hub 1-0:1.0: USB hub found
[    1.302418] hub 1-0:1.0: 12 ports detected
[    1.303417] ohci-platform: OHCI generic platform driver
[    1.303902] uhci_hcd: USB Universal Host Controller Interface driver
[    1.304505] i8042: PNP: PS/2 Controller [PNP0303:PS2K,PNP0f03:PS2M] at 0x60,0x64 irq 1,12
[    1.305962] serio: i8042 KBD port at 0x60,0x64 irq 1
[    1.306636] serio: i8042 AUX port at 0x60,0x64 irq 12
[    1.307765] mousedev: PS/2 mouse device common for all mice
[    1.309567] input: AT Translated Set 2 keyboard as /devices/platform/i8042/serio0/input/input2
[    1.312766] rtc_cmos rtc_cmos: rtc core: registered rtc_cmos as rtc0
[    1.313794] rtc_cmos rtc_cmos: alarms up to one day, 114 bytes nvram
[    1.314329] i2c /dev entries driver
[    1.314796] device-mapper: uevent: version 1.0.3
[    1.315264] device-mapper: ioctl: 4.34.0-ioctl (2015-10-28) initialised: dm-devel@redhat.com
[    1.316225] ledtrig-cpu: registered to indicate activity on CPUs
[    1.316995] NET: Registered protocol family 10
[    1.317671] NET: Registered protocol family 17
[    1.318149] Key type dns_resolver registered
[    1.318889] microcode: CPU0 sig=0x806ea, pf=0x2, revision=0x0
[    1.320850] microcode: Microcode Update Driver: v2.01 <tigran@aivazian.fsnet.co.uk>, Peter Oruba
[    1.321972] registered taskstats version 1
[    1.322373] Loading compiled-in X.509 certificates
[    1.323692] Loaded X.509 cert 'Build time autogenerated kernel key: 713bc24ccc5bf0d11d706d6f5bf7187ed23f7b25'
[    1.324574] zswap: loaded using pool lzo/zbud
[    1.326534] Key type trusted registered
[    1.330378] Key type encrypted registered
[    1.330887] AppArmor: AppArmor sha1 policy hashing enabled
[    1.331421] ima: No TPM chip found, activating TPM-bypass!
[    1.331905] evm: HMAC attrs: 0x1
[    1.332757]   Magic number: 14:897:178
[    1.333536]  platform: hash matches
[    1.334071] rtc_cmos rtc_cmos: setting system clock to 2022-03-27 12:10:21 UTC (1648383021)
[    1.335063] BIOS EDD facility v0.16 2004-Jun-25, 0 devices found
[    1.335717] EDD information not available.
[    1.336281] PM: Hibernation image not present or could not be loaded.
[    1.398331] ata2.00: ATAPI: VBOX CD-ROM, 1.0, max UDMA/133
[    1.399364] ata2.00: configured for UDMA/33
[    1.400510] scsi 1:0:0:0: CD-ROM            VBOX     CD-ROM           1.0  PQ: 0 ANSI: 5
[    1.410390] sr 1:0:0:0: [sr0] scsi3-mmc drive: 32x/32x xa/form2 tray
[    1.411160] cdrom: Uniform CD-ROM driver Revision: 3.20
[    1.412352] sr 1:0:0:0: Attached scsi CD-ROM sr0
[    1.412563] sr 1:0:0:0: Attached scsi generic sg0 type 5
[    1.414867] Freeing unused kernel memory: 1488K (ffffffff81f45000 - ffffffff820b9000)
[    1.416063] Write protecting the kernel read-only data: 14336k
[    1.417481] Freeing unused kernel memory: 1756K (ffff880001849000 - ffff880001a00000)
[    1.419058] Freeing unused kernel memory: 112K (ffff880001de4000 - ffff880001e00000)
[    1.434268] random: udevadm: uninitialized urandom read (16 bytes read, 3 bits of entropy available)
[    1.435194] random: udevadm: uninitialized urandom read (16 bytes read, 3 bits of entropy available)
[    1.437846] random: systemd-udevd: uninitialized urandom read (16 bytes read, 3 bits of entropy available)
[    1.439788] random: systemd-udevd: uninitialized urandom read (16 bytes read, 3 bits of entropy available)
[    1.441403] random: systemd-udevd: uninitialized urandom read (16 bytes read, 3 bits of entropy available)
[    1.442477] random: systemd-udevd: uninitialized urandom read (16 bytes read, 3 bits of entropy available)
[    1.453566] random: systemd-udevd: uninitialized urandom read (16 bytes read, 3 bits of entropy available)
[    1.454707] random: systemd-udevd: uninitialized urandom read (16 bytes read, 3 bits of entropy available)
[    1.455722] random: systemd-udevd: uninitialized urandom read (16 bytes read, 3 bits of entropy available)
[    1.459980] random: systemd-udevd: uninitialized urandom read (16 bytes read, 3 bits of entropy available)
[    1.533864] ACPI: Video Device [GFX0] (multi-head: yes  rom: no  post: no)
[    1.534573] input: Video Bus as /devices/LNXSYSTM:00/LNXSYBUS:00/PNP0A03:00/LNXVIDEO:00/input/input4
[    1.538330] FUJITSU Extended Socket Network Device Driver - version 1.0 - Copyright (c) 2015 FUJITSU LIMITED
[    1.555313] e1000: Intel(R) PRO/1000 Network Driver - version 7.3.21-k8-NAPI
[    1.555892] e1000: Copyright (c) 1999-2006 Intel Corporation.
[    1.615774] AVX2 version of gcm_enc/dec engaged.
[    1.616260] AES CTR mode by8 optimization enabled
[    1.711700] usb 1-1: new full-speed USB device number 2 using ohci-pci
[    1.776861] input: ImExPS/2 Generic Explorer Mouse as /devices/platform/i8042/serio1/input/input5
[    2.006394] usb 1-1: New USB device found, idVendor=80ee, idProduct=0021
[    2.007052] usb 1-1: New USB device strings: Mfr=1, Product=3, SerialNumber=0
[    2.007629] usb 1-1: Product: USB Tablet
[    2.008086] usb 1-1: Manufacturer: VirtualBox
[    2.018439] hidraw: raw HID events driver (C) Jiri Kosina
[    2.040000] usbcore: registered new interface driver usbhid
[    2.040925] usbhid: USB HID core driver
[    2.053486] e1000 0000:00:03.0 eth0: (PCI:33MHz:32-bit) 08:00:27:d1:83:5d
[    2.053950] e1000 0000:00:03.0 eth0: Intel(R) PRO/1000 Network Connection
[    2.054475] ahci 0000:00:0d.0: version 3.0
[    2.055051] ahci 0000:00:0d.0: SSS flag set, parallel bus scan disabled
[    2.056046] ahci 0000:00:0d.0: AHCI 0001.0100 32 slots 1 ports 3 Gbps 0x1 impl SATA mode
[    2.057526] ahci 0000:00:0d.0: flags: 64bit ncq stag only ccc 
[    2.059167] input: VirtualBox USB Tablet as /devices/pci0000:00/0000:00:06.0/usb1/1-1/1-1:1.0/0003:80EE:0021.0001/input/input6
[    2.061666] hid-generic 0003:80EE:0021.0001: input,hidraw0: USB HID v1.10 Mouse [VirtualBox USB Tablet] on usb-0000:00:06.0-1/input0
[    2.064362] e1000 0000:00:03.0 enp0s3: renamed from eth0
[    2.067944] scsi host2: ahci
[    2.068729] ata3: SATA max UDMA/133 abar m8192@0xf0806000 port 0xf0806100 irq 21
[    2.189398] tsc: Refined TSC clocksource calibration: 1990.047 MHz
[    2.189846] clocksource: tsc: mask: 0xffffffffffffffff max_cycles: 0x395ee8d4a43, max_idle_ns: 881590789552 ns
[    2.389183] ata3: SATA link up 3.0 Gbps (SStatus 123 SControl 300)
[    2.389934] ata3.00: ATA-6: VBOX HARDDISK, 1.0, max UDMA/133
[    2.390412] ata3.00: 16777216 sectors, multi 128: LBA48 NCQ (depth 31/32)
[    2.391272] ata3.00: configured for UDMA/133
[    2.391741] scsi 2:0:0:0: Direct-Access     ATA      VBOX HARDDISK    1.0  PQ: 0 ANSI: 5
[    2.392998] sd 2:0:0:0: [sda] 16777216 512-byte logical blocks: (8.59 GB/8.00 GiB)
[    2.393997] sd 2:0:0:0: [sda] Write Protect is off
[    2.394406] sd 2:0:0:0: [sda] Mode Sense: 00 3a 00 00
[    2.394510] sd 2:0:0:0: Attached scsi generic sg1 type 0
[    2.395050] sd 2:0:0:0: [sda] Write cache: enabled, read cache: enabled, doesn't support DPO or FUA
[    2.446679]  sda: sda1 sda2 < sda5 >
[    2.447799] sd 2:0:0:0: [sda] Attached SCSI disk
[    4.605146] floppy0: no floppy controllers found
[    4.605705] work still pending
[    5.905416] md: linear personality registered for level -1
[    5.909871] md: multipath personality registered for level -4
[    5.913369] md: raid0 personality registered for level 0
[    5.917518] md: raid1 personality registered for level 1
[    5.989153] raid6: sse2x1   gen()  8143 MB/s
[    6.057191] raid6: sse2x1   xor()  6794 MB/s
[    6.125170] raid6: sse2x2   gen() 11251 MB/s
[    6.193096] raid6: sse2x2   xor()  7823 MB/s
[    6.261132] raid6: sse2x4   gen()  8123 MB/s
[    6.329108] raid6: sse2x4   xor()  6694 MB/s
[    6.397116] raid6: avx2x1   gen() 12129 MB/s
[    6.465092] raid6: avx2x2   gen() 12201 MB/s
[    6.533110] raid6: avx2x4   gen() 11754 MB/s
[    6.533808] raid6: using algorithm avx2x2 gen() 12201 MB/s
[    6.534390] raid6: using avx2x2 recovery algorithm
[    6.537511] xor: automatically using best checksumming function:
[    6.577145]    avx       : 10466.000 MB/sec
[    6.580338] async_tx: api initialized (async)
[    6.599912] md: raid6 personality registered for level 6
[    6.600440] md: raid5 personality registered for level 5
[    6.600934] md: raid4 personality registered for level 4
[    6.609870] md: raid10 personality registered for level 10
[    6.656361] Btrfs loaded
[    6.881130] EXT4-fs (sda1): mounted filesystem with ordered data mode. Opts: (null)
[    8.328960] random: nonblocking pool is initialized
[    8.684967] systemd[1]: systemd 229 running in system mode. (+PAM +AUDIT +SELINUX +IMA +APPARMOR +SMACK +SYSVINIT +UTMP +LIBCRYPTSETUP +GCRYPT +GNUTLS +ACL +XZ -LZ4 +SECCOMP +BLKID +ELFUTILS +KMOD -IDN)
[    8.687449] systemd[1]: Detected virtualization oracle.
[    8.688465] systemd[1]: Detected architecture x86-64.
[    8.720307] systemd[1]: Set hostname to <ubuntu>.
[   10.362323] systemd[1]: Listening on udev Kernel Socket.
[   10.363754] systemd[1]: Listening on LVM2 poll daemon socket.
[   10.365030] systemd[1]: Reached target User and Group Name Lookups.
[   10.366492] systemd[1]: Listening on Journal Socket.
[   10.367972] systemd[1]: Started Forward Password Requests to Wall Directory Watch.
[   10.370725] systemd[1]: Created slice System Slice.
[   10.373061] systemd[1]: Starting Create list of required static device nodes for the current kernel...
[   10.374880] systemd[1]: Created slice User and Session Slice.
[   10.376787] systemd[1]: Reached target Slices.
[   10.378721] systemd[1]: Listening on udev Control Socket.
[   10.380304] systemd[1]: Reached target Encrypted Volumes.
[   10.457099] systemd[1]: Starting Load Kernel Modules...
[   10.459415] systemd[1]: Set up automount Arbitrary Executable File Formats File System Automount Point.
[   10.463010] systemd[1]: Mounting Debug File System...
[   10.467351] systemd[1]: Listening on LVM2 metadata daemon socket.
[   10.483507] systemd[1]: Starting Set console keymap...
[   10.485522] systemd[1]: Listening on Journal Audit Socket.
[   10.489647] systemd[1]: Listening on Device-mapper event daemon FIFOs.
[   10.492024] systemd[1]: Starting Monitoring of LVM2 mirrors, snapshots etc. using dmeventd or progress polling...
[   10.495614] systemd[1]: Starting Uncomplicated firewall...
[   10.499042] systemd[1]: Listening on fsck to fsckd communication Socket.
[   10.505328] systemd[1]: Mounting Huge Pages File System...
[   10.509799] systemd[1]: Started Trigger resolvconf update for networkd DNS.
[   10.513659] systemd[1]: Listening on Journal Socket (/dev/log).
[   10.516274] systemd[1]: Listening on /dev/initctl Compatibility Named Pipe.
[   10.519550] systemd[1]: Starting Nameserver information manager...
[   10.525762] systemd[1]: Mounting POSIX Message Queue File System...
[   10.530002] systemd[1]: Listening on Syslog Socket.
[   10.534501] Loading iSCSI transport class v2.0-870.
[   10.539177] systemd[1]: Starting Journal Service...
[   10.544334] systemd[1]: Started Create list of required static device nodes for the current kernel.
[   10.594329] systemd[1]: Starting Create Static Device Nodes in /dev...
[   10.624439] iscsi: registered transport (tcp)
[   10.632822] systemd[1]: Started Uncomplicated firewall.
[   10.964498] systemd[1]: Mounted Debug File System.
[   10.966379] systemd[1]: Mounted Huge Pages File System.
[   10.969274] systemd[1]: Mounted POSIX Message Queue File System.
[   11.024629] systemd[1]: Started Nameserver information manager.
[   11.029766] systemd[1]: Reached target Network (Pre).
[   11.160497] iscsi: registered transport (iser)
[   11.166029] systemd[1]: Started Load Kernel Modules.
[   11.168807] systemd[1]: Starting Apply Kernel Variables...
[   11.177807] systemd[1]: Mounting FUSE Control File System...
[   11.192914] systemd[1]: Mounted FUSE Control File System.
[   11.238517] systemd[1]: Started Set console keymap.
[   11.270236] systemd[1]: Started Journal Service.
[   12.039103] EXT4-fs (sda1): re-mounted. Opts: errors=remount-ro
[   12.402394] systemd-journald[358]: Received request to flush runtime journal from PID 1
[   13.239138] piix4_smbus 0000:00:07.0: SMBus Host Controller at 0x4100, revision 0
[   13.271161] vgdrvHeartbeatInit: Setting up heartbeat to trigger every 2000 milliseconds
[   13.271304] input: Unspecified device as /devices/pci0000:00/0000:00:04.0/input/input7
[   13.272254] vboxguest: misc device minor 55, IRQ 20, I/O port d020, MMIO at 00000000f0400000 (size 0x400000)
[   13.272255] vboxguest: Successfully loaded version 5.0.18_Ubuntu (interface 0x00010004)
[   13.606044] [drm] Initialized drm 1.1.0 20060810
[   13.618265] snd_intel8x0 0000:00:05.0: disable (unknown or VT-d) VM optimization
[   13.782959] audit: type=1400 audit(1648383033.944:2): apparmor="STATUS" operation="profile_load" profile="unconfined" name="lxc-container-default" pid=582 comm="apparmor_parser"
[   13.782965] audit: type=1400 audit(1648383033.944:3): apparmor="STATUS" operation="profile_load" profile="unconfined" name="lxc-container-default-cgns" pid=582 comm="apparmor_parser"
[   13.782970] audit: type=1400 audit(1648383033.944:4): apparmor="STATUS" operation="profile_load" profile="unconfined" name="lxc-container-default-with-mounting" pid=582 comm="apparmor_parser"
[   13.782974] audit: type=1400 audit(1648383033.944:5): apparmor="STATUS" operation="profile_load" profile="unconfined" name="lxc-container-default-with-nesting" pid=582 comm="apparmor_parser"
[   13.880676] snd_intel8x0 0000:00:05.0: white list rate for 1028:0177 is 48000
[   13.889316] [drm] VRAM 01000000
[   13.893307] [TTM] Zone  kernel: Available graphics memory: 379024 kiB
[   13.893310] [TTM] Initializing pool allocator
[   13.893315] [TTM] Initializing DMA pool allocator
[   13.893643] fbcon: vboxdrmfb (fb0) is primary device
[   13.944532] Console: switching to colour frame buffer device 100x37
[   13.955881] vboxvideo 0000:00:02.0: fb0: vboxdrmfb frame buffer device
[   13.957339] [drm] Initialized vboxvideo 1.0.0 20130823 for 0000:00:02.0 on minor 0
[   13.973273] intel_rapl: no valid rapl domains found in package 0
[   14.046296] ppdev: user-space parallel port driver
[   14.163152] audit: type=1400 audit(1648383034.328:6): apparmor="STATUS" operation="profile_load" profile="unconfined" name="/sbin/dhclient" pid=641 comm="apparmor_parser"
[   14.163163] audit: type=1400 audit(1648383034.328:7): apparmor="STATUS" operation="profile_load" profile="unconfined" name="/usr/lib/NetworkManager/nm-dhcp-client.action" pid=641 comm="apparmor_parser"
[   14.163167] audit: type=1400 audit(1648383034.328:8): apparmor="STATUS" operation="profile_load" profile="unconfined" name="/usr/lib/NetworkManager/nm-dhcp-helper" pid=641 comm="apparmor_parser"
[   14.163172] audit: type=1400 audit(1648383034.328:9): apparmor="STATUS" operation="profile_load" profile="unconfined" name="/usr/lib/connman/scripts/dhclient-script" pid=641 comm="apparmor_parser"
[   14.232020] audit: type=1400 audit(1648383034.396:10): apparmor="STATUS" operation="profile_load" profile="unconfined" name="/usr/bin/lxc-start" pid=688 comm="apparmor_parser"
[   14.259254] audit: type=1400 audit(1648383034.424:11): apparmor="STATUS" operation="profile_load" profile="unconfined" name="/usr/lib/lxd/lxd-bridge-proxy" pid=689 comm="apparmor_parser"
[   14.955614] IPv6: ADDRCONF(NETDEV_UP): enp0s3: link is not ready
[   14.957518] e1000: enp0s3 NIC Link is Up 1000 Mbps Full Duplex, Flow Control: RX
[   14.957867] IPv6: ADDRCONF(NETDEV_CHANGE): enp0s3: link becomes ready
[   15.488289] Adding 784380k swap on /dev/sda5.  Priority:-1 extents:1 across:784380k FS
[   16.121072] cgroup: new mount options do not match the existing superblock, will be ignored
[   16.549171] floppy0: no floppy controllers found
[ 1320.749758] simple: module verification failed: signature and/or required key missing - tainting kernel
[ 1320.750569] Loading Module
[ 1341.310422] Removing Module
